// Jest Snapshot v1, https://goo.gl/fbAQLP

exports[`InPageMenuItem basic component 1`] = `"Link(undefined)"`;

exports[`InPageMenuItem selected 1`] = `"Link(undefined)"`;

exports[`InPageMenuItem with onClick instead of href 1`] = `"Link(undefined)"`;
