// Jest Snapshot v1, https://goo.gl/fbAQLP

exports[`basic snapshot 1`] = `
Array [
  .c0 {
  font-family: 'Source Sans Pro','Helvetica Neue',Helvetica,sans-serif;
  font-size: 18px;
  font-weight: 700;
  font-style: normal;
  font-stretch: normal;
  line-height: 1.25;
  -webkit-letter-spacing: 0.4px;
  -moz-letter-spacing: 0.4px;
  -ms-letter-spacing: 0.4px;
  letter-spacing: 0.4px;
}

<h3
    className="c0"
  >
    2
    . 
    Payment Information
  </h3>,
  "StripeForm(undefined)",
  .c0 {
  font-family: 'Source Sans Pro','Helvetica Neue',Helvetica,sans-serif;
  font-size: 14px;
  color: #b3b3b3;
}

.c1 {
  vertical-align: super;
}

<div
    className="c0"
  >
     
    <span
      className="c1"
    >
      Your Information is private and secure.
    </span>
  </div>,
  .c0 {
  font-family: 'Source Sans Pro','Helvetica Neue',Helvetica,sans-serif;
  font-size: 18px;
  font-weight: 700;
  font-style: normal;
  font-stretch: normal;
  line-height: 1.25;
  -webkit-letter-spacing: 0.4px;
  -moz-letter-spacing: 0.4px;
  -ms-letter-spacing: 0.4px;
  letter-spacing: 0.4px;
}

<h3
    className="c0"
  >
    Billing Address
  </h3>,
  "SelectableList(undefined)",
]
`;
