// Jest Snapshot v1, https://goo.gl/fbAQLP

exports[`basic snapshot 1`] = `
.c0 {
  color: #333333;
}

<div
  className="c0"
>
  Address Select
</div>
`;
