// Jest Snapshot v1, https://goo.gl/fbAQLP

exports[`basic snapshot 1`] = `
.c0 {
  color: #a6a6a6;
  font-family: 'Source Sans Pro','Helvetica Neue',Helvetica,sans-serif;
  font-size: 14px;
}

<div
  className="c0"
>
  2
  .Â 
  Shipping information
</div>
`;
