// Jest Snapshot v1, https://goo.gl/fbAQLP

exports[`basic snapshot 1`] = `
<div
  className="a b"
  onClick={[Function]}
  title="title"
>
  Submit
</div>
`;
