// Jest Snapshot v1, https://goo.gl/fbAQLP

exports[`CatalogItem basic snapshot 1`] = `
<div>
  Link(undefined)
</div>
`;

exports[`CatalogItem with placeholder image 1`] = `
<div>
  Link(undefined)
</div>
`;
