// Jest Snapshot v1, https://goo.gl/fbAQLP

exports[`basic snapshot 1`] = `
.c0 {
  -webkit-font-smoothing: antialiased;
  color: #3c3c3c;
  font-family: 'Source Sans Pro','Helvetica Neue',Helvetica,sans-serif;
  font-size: 16px;
  font-style: normal;
  font-stretch: normal;
  font-weight: 400;
  -webkit-letter-spacing: .03em;
  -moz-letter-spacing: .03em;
  -ms-letter-spacing: .03em;
  letter-spacing: .03em;
  line-height: 1.5;
}

<address
  className="c0"
>
  Salvos Seafood
  <br />
  7742 Hwy 23
  <br />
  Belle Chasse
  , 
  LA
   
  70037
   
  <br />
  US
</address>
`;
