// Jest Snapshot v1, https://goo.gl/fbAQLP

exports[`CatalogGridItem basic snapshot 1`] = `
<div>
  Link(undefined)
</div>
`;

exports[`CatalogGridItem with placeholder image 1`] = `
<div>
  Link(undefined)
</div>
`;
