// Jest Snapshot v1, https://goo.gl/fbAQLP

exports[`basic snapshot 1`] = `
<div
  aria-describedby={undefined}
  className="MuiFormControl-root-4"
>
  <div
    className="MuiInputBase-root-21 MuiInput-root-8 QuantityInput-quantityContainer-2 MuiInputBase-formControl-22 MuiInput-formControl-9 MuiInputBase-adornedStart-25 MuiInputBase-adornedEnd-26"
    onClick={[Function]}
  >
    <div
      className="MuiInputAdornment-root-38"
    >
      <button
        className="MuiButtonBase-root-42 QuantityInput-incrementButton-1"
        color="default"
        disabled={undefined}
        onBlur={[Function]}
        onClick={[Function]}
        onFocus={[Function]}
        onKeyDown={[Function]}
        onKeyUp={[Function]}
        onMouseDown={[Function]}
        onMouseLeave={[Function]}
        onMouseUp={[Function]}
        onTouchEnd={[Function]}
        onTouchMove={[Function]}
        onTouchStart={[Function]}
        tabIndex="0"
        type="button"
        variant="outlined"
      >
        <svg
          aria-hidden="true"
          className="MuiSvgIcon-root-45"
          color={undefined}
          focusable="false"
          role="presentation"
          style={
            Object {
              "fontSize": "14px",
            }
          }
          viewBox="0 0 24 24"
        >
          <path
            d="M19,13H5V11H19V13Z"
          />
        </svg>
      </button>
    </div>
    <input
      aria-invalid={false}
      autoComplete={undefined}
      autoFocus={undefined}
      className="MuiInputBase-input-31 MuiInput-input-16 QuantityInput-quantityInput-3 MuiInputBase-inputAdornedStart-36 MuiInputBase-inputAdornedEnd-37"
      defaultValue={undefined}
      disabled={false}
      id="addToCartQuantityInput"
      name={undefined}
      onBlur={[Function]}
      onChange={[Function]}
      onFocus={[Function]}
      onKeyDown={undefined}
      onKeyUp={undefined}
      placeholder={undefined}
      readOnly={undefined}
      required={false}
      rows={undefined}
      type="text"
      value={0}
    />
    <div
      className="MuiInputAdornment-root-38"
    >
      <button
        className="MuiButtonBase-root-42 QuantityInput-incrementButton-1"
        color="default"
        disabled={undefined}
        onBlur={[Function]}
        onClick={[Function]}
        onFocus={[Function]}
        onKeyDown={[Function]}
        onKeyUp={[Function]}
        onMouseDown={[Function]}
        onMouseLeave={[Function]}
        onMouseUp={[Function]}
        onTouchEnd={[Function]}
        onTouchMove={[Function]}
        onTouchStart={[Function]}
        tabIndex="0"
        type="button"
        variant="outlined"
      >
        <svg
          aria-hidden="true"
          className="MuiSvgIcon-root-45"
          color={undefined}
          focusable="false"
          role="presentation"
          style={
            Object {
              "fontSize": "14px",
            }
          }
          viewBox="0 0 24 24"
        >
          <path
            d="M19,13H13V19H11V13H5V11H11V5H13V11H19V13Z"
          />
        </svg>
      </button>
    </div>
  </div>
</div>
`;
